[2024-12-06 12:34:34,852][flwr][WARNING] - DEPRECATED FEATURE: flwr.simulation.start_simulation() is deprecated.
	Instead, use the `flwr run` CLI command to start a local simulation in your Flower app, as shown for example below:

		$ flwr new  # Create a new Flower app from a template

		$ flwr run  # Run the Flower app in Simulation Mode

	Using `start_simulation()` is deprecated.

            This is a deprecated feature. It will be removed
            entirely in future versions of Flower.
        
[2024-12-06 12:34:34,856][flwr][INFO] - Starting Flower simulation, config: num_rounds=10, no round_timeout
[2024-12-06 12:34:48,286][flwr][INFO] - Flower VCE: Ray initialized with resources: {'accelerator_type:G': 1.0, 'node:__internal_head__': 1.0, 'CPU': 8.0, 'memory': 3604323534.0, 'node:127.0.0.1': 1.0, 'object_store_memory': 1802161766.0, 'GPU': 1.0}
[2024-12-06 12:34:48,287][flwr][INFO] - Optimize your simulation with Flower VCE: https://flower.ai/docs/framework/how-to-run-simulations.html
[2024-12-06 12:34:48,287][flwr][INFO] - Flower VCE: Resources for each Virtual Client: {'num_cpus': 2, 'num_gpus': 0.5}
[2024-12-06 12:34:48,309][flwr][INFO] - Flower VCE: Creating VirtualClientEngineActorPool with 2 actors
[2024-12-06 12:34:48,310][flwr][INFO] - [INIT]
[2024-12-06 12:34:48,310][flwr][INFO] - Using initial global parameters provided by strategy
[2024-12-06 12:34:48,310][flwr][INFO] - Starting evaluation of initial global parameters
[2024-12-06 12:34:58,446][flwr][INFO] - initial parameters (loss, other metrics): 0.14338095486164093, {'mae': 0.33666756749153137}
[2024-12-06 12:34:58,447][flwr][INFO] - 
[2024-12-06 12:34:58,447][flwr][INFO] - [ROUND 1]
[2024-12-06 12:34:58,448][flwr][INFO] - configure_fit: strategy sampled 1 clients (out of 1)
[2024-12-06 12:35:00,941][flwr][ERROR] - Traceback (most recent call last):
  File "C:\Users\clara\anaconda3\envs\tf_gpu\lib\site-packages\flwr\simulation\ray_transport\ray_client_proxy.py", line 94, in _submit_job
    out_mssg, updated_context = self.actor_pool.get_client_result(
  File "C:\Users\clara\anaconda3\envs\tf_gpu\lib\site-packages\flwr\simulation\ray_transport\ray_actor.py", line 398, in get_client_result
    return self._fetch_future_result(cid)
  File "C:\Users\clara\anaconda3\envs\tf_gpu\lib\site-packages\flwr\simulation\ray_transport\ray_actor.py", line 279, in _fetch_future_result
    res_cid, out_mssg, updated_context = ray.get(
  File "C:\Users\clara\anaconda3\envs\tf_gpu\lib\site-packages\ray\_private\auto_init_hook.py", line 21, in auto_init_wrapper
    return fn(*args, **kwargs)
  File "C:\Users\clara\anaconda3\envs\tf_gpu\lib\site-packages\ray\_private\client_mode_hook.py", line 103, in wrapper
    return func(*args, **kwargs)
  File "C:\Users\clara\anaconda3\envs\tf_gpu\lib\site-packages\ray\_private\worker.py", line 2753, in get
    values, debugger_breakpoint = worker.get_objects(object_refs, timeout=timeout)
  File "C:\Users\clara\anaconda3\envs\tf_gpu\lib\site-packages\ray\_private\worker.py", line 904, in get_objects
    raise value.as_instanceof_cause()
ray.exceptions.RayTaskError(ClientAppException): [36mray::ClientAppActor.run()[39m (pid=20772, ip=127.0.0.1, actor_id=8aba8d493d10d9ce537aab3401000000, repr=<flwr.simulation.ray_transport.ray_actor.ClientAppActor object at 0x0000024B03BA0A00>)
  File "C:\Users\clara\anaconda3\envs\tf_gpu\lib\site-packages\flwr\client\client_app.py", line 143, in __call__
    return self._call(message, context)
  File "C:\Users\clara\anaconda3\envs\tf_gpu\lib\site-packages\flwr\client\client_app.py", line 126, in ffn
    out_message = handle_legacy_message_from_msgtype(
  File "C:\Users\clara\anaconda3\envs\tf_gpu\lib\site-packages\flwr\client\message_handler\message_handler.py", line 129, in handle_legacy_message_from_msgtype
    fit_res = maybe_call_fit(
  File "C:\Users\clara\anaconda3\envs\tf_gpu\lib\site-packages\flwr\client\client.py", line 255, in maybe_call_fit
    return client.fit(fit_ins)
  File "C:\Users\clara\anaconda3\envs\tf_gpu\lib\site-packages\flwr\client\numpy_client.py", line 259, in _fit
    results = self.numpy_client.fit(parameters, ins.config)  # type: ignore
  File "C:\Users\clara\Desktop\TFG\Codigo TFG\3.FederatedTraining\client.py", line 28, in fit
    weights = parameters_to_ndarrays(parameters)
  File "C:\Users\clara\anaconda3\envs\tf_gpu\lib\site-packages\flwr\common\parameter.py", line 34, in parameters_to_ndarrays
    return [bytes_to_ndarray(tensor) for tensor in parameters.tensors]
AttributeError: 'list' object has no attribute 'tensors'

The above exception was the direct cause of the following exception:

[36mray::ClientAppActor.run()[39m (pid=20772, ip=127.0.0.1, actor_id=8aba8d493d10d9ce537aab3401000000, repr=<flwr.simulation.ray_transport.ray_actor.ClientAppActor object at 0x0000024B03BA0A00>)
  File "python\ray\_raylet.pyx", line 1856, in ray._raylet.execute_task
  File "python\ray\_raylet.pyx", line 1957, in ray._raylet.execute_task
  File "python\ray\_raylet.pyx", line 1862, in ray._raylet.execute_task
  File "python\ray\_raylet.pyx", line 1803, in ray._raylet.execute_task.function_executor
  File "C:\Users\clara\anaconda3\envs\tf_gpu\lib\site-packages\ray\_private\function_manager.py", line 696, in actor_method_executor
    return method(__ray_actor, *args, **kwargs)
  File "C:\Users\clara\anaconda3\envs\tf_gpu\lib\site-packages\ray\util\tracing\tracing_helper.py", line 467, in _resume_span
    return method(self, *_args, **_kwargs)
  File "C:\Users\clara\anaconda3\envs\tf_gpu\lib\site-packages\flwr\simulation\ray_transport\ray_actor.py", line 63, in run
    raise ClientAppException(str(ex)) from ex
flwr.client.client_app.ClientAppException: 
Exception ClientAppException occurred. Message: 'list' object has no attribute 'tensors'

[2024-12-06 12:35:00,948][flwr][ERROR] - [36mray::ClientAppActor.run()[39m (pid=20772, ip=127.0.0.1, actor_id=8aba8d493d10d9ce537aab3401000000, repr=<flwr.simulation.ray_transport.ray_actor.ClientAppActor object at 0x0000024B03BA0A00>)
  File "C:\Users\clara\anaconda3\envs\tf_gpu\lib\site-packages\flwr\client\client_app.py", line 143, in __call__
    return self._call(message, context)
  File "C:\Users\clara\anaconda3\envs\tf_gpu\lib\site-packages\flwr\client\client_app.py", line 126, in ffn
    out_message = handle_legacy_message_from_msgtype(
  File "C:\Users\clara\anaconda3\envs\tf_gpu\lib\site-packages\flwr\client\message_handler\message_handler.py", line 129, in handle_legacy_message_from_msgtype
    fit_res = maybe_call_fit(
  File "C:\Users\clara\anaconda3\envs\tf_gpu\lib\site-packages\flwr\client\client.py", line 255, in maybe_call_fit
    return client.fit(fit_ins)
  File "C:\Users\clara\anaconda3\envs\tf_gpu\lib\site-packages\flwr\client\numpy_client.py", line 259, in _fit
    results = self.numpy_client.fit(parameters, ins.config)  # type: ignore
  File "C:\Users\clara\Desktop\TFG\Codigo TFG\3.FederatedTraining\client.py", line 28, in fit
    weights = parameters_to_ndarrays(parameters)
  File "C:\Users\clara\anaconda3\envs\tf_gpu\lib\site-packages\flwr\common\parameter.py", line 34, in parameters_to_ndarrays
    return [bytes_to_ndarray(tensor) for tensor in parameters.tensors]
AttributeError: 'list' object has no attribute 'tensors'

The above exception was the direct cause of the following exception:

[36mray::ClientAppActor.run()[39m (pid=20772, ip=127.0.0.1, actor_id=8aba8d493d10d9ce537aab3401000000, repr=<flwr.simulation.ray_transport.ray_actor.ClientAppActor object at 0x0000024B03BA0A00>)
  File "python\ray\_raylet.pyx", line 1856, in ray._raylet.execute_task
  File "python\ray\_raylet.pyx", line 1957, in ray._raylet.execute_task
  File "python\ray\_raylet.pyx", line 1862, in ray._raylet.execute_task
  File "python\ray\_raylet.pyx", line 1803, in ray._raylet.execute_task.function_executor
  File "C:\Users\clara\anaconda3\envs\tf_gpu\lib\site-packages\ray\_private\function_manager.py", line 696, in actor_method_executor
    return method(__ray_actor, *args, **kwargs)
  File "C:\Users\clara\anaconda3\envs\tf_gpu\lib\site-packages\ray\util\tracing\tracing_helper.py", line 467, in _resume_span
    return method(self, *_args, **_kwargs)
  File "C:\Users\clara\anaconda3\envs\tf_gpu\lib\site-packages\flwr\simulation\ray_transport\ray_actor.py", line 63, in run
    raise ClientAppException(str(ex)) from ex
flwr.client.client_app.ClientAppException: 
Exception ClientAppException occurred. Message: 'list' object has no attribute 'tensors'
[2024-12-06 12:35:00,954][flwr][INFO] - aggregate_fit: received 0 results and 1 failures
[2024-12-06 12:35:09,625][flwr][INFO] - fit progress: (1, 0.14338095486164093, {'mae': 0.33666756749153137}, 11.178382100000004)
[2024-12-06 12:35:09,626][flwr][INFO] - configure_evaluate: strategy sampled 1 clients (out of 1)
[2024-12-06 12:35:11,117][flwr][ERROR] - Traceback (most recent call last):
  File "C:\Users\clara\anaconda3\envs\tf_gpu\lib\site-packages\flwr\simulation\ray_transport\ray_client_proxy.py", line 94, in _submit_job
    out_mssg, updated_context = self.actor_pool.get_client_result(
  File "C:\Users\clara\anaconda3\envs\tf_gpu\lib\site-packages\flwr\simulation\ray_transport\ray_actor.py", line 398, in get_client_result
    return self._fetch_future_result(cid)
  File "C:\Users\clara\anaconda3\envs\tf_gpu\lib\site-packages\flwr\simulation\ray_transport\ray_actor.py", line 279, in _fetch_future_result
    res_cid, out_mssg, updated_context = ray.get(
  File "C:\Users\clara\anaconda3\envs\tf_gpu\lib\site-packages\ray\_private\auto_init_hook.py", line 21, in auto_init_wrapper
    return fn(*args, **kwargs)
  File "C:\Users\clara\anaconda3\envs\tf_gpu\lib\site-packages\ray\_private\client_mode_hook.py", line 103, in wrapper
    return func(*args, **kwargs)
  File "C:\Users\clara\anaconda3\envs\tf_gpu\lib\site-packages\ray\_private\worker.py", line 2753, in get
    values, debugger_breakpoint = worker.get_objects(object_refs, timeout=timeout)
  File "C:\Users\clara\anaconda3\envs\tf_gpu\lib\site-packages\ray\_private\worker.py", line 904, in get_objects
    raise value.as_instanceof_cause()
ray.exceptions.RayTaskError(ClientAppException): [36mray::ClientAppActor.run()[39m (pid=20772, ip=127.0.0.1, actor_id=8aba8d493d10d9ce537aab3401000000, repr=<flwr.simulation.ray_transport.ray_actor.ClientAppActor object at 0x0000024B03BA0A00>)
  File "C:\Users\clara\anaconda3\envs\tf_gpu\lib\site-packages\flwr\client\client_app.py", line 143, in __call__
    return self._call(message, context)
  File "C:\Users\clara\anaconda3\envs\tf_gpu\lib\site-packages\flwr\client\client_app.py", line 126, in ffn
    out_message = handle_legacy_message_from_msgtype(
  File "C:\Users\clara\anaconda3\envs\tf_gpu\lib\site-packages\flwr\client\message_handler\message_handler.py", line 136, in handle_legacy_message_from_msgtype
    evaluate_res = maybe_call_evaluate(
  File "C:\Users\clara\anaconda3\envs\tf_gpu\lib\site-packages\flwr\client\client.py", line 275, in maybe_call_evaluate
    return client.evaluate(evaluate_ins)
  File "C:\Users\clara\anaconda3\envs\tf_gpu\lib\site-packages\flwr\client\numpy_client.py", line 283, in _evaluate
    results = self.numpy_client.evaluate(parameters, ins.config)  # type: ignore
  File "C:\Users\clara\Desktop\TFG\Codigo TFG\3.FederatedTraining\client.py", line 42, in evaluate
    loss, accuracy = self.model.evaluate(self.x_test, self.y_test)
  File "C:\Users\clara\anaconda3\envs\tf_gpu\lib\site-packages\keras\src\utils\traceback_utils.py", line 122, in error_handler
    raise e.with_traceback(filtered_tb) from None
  File "C:\Users\clara\anaconda3\envs\tf_gpu\lib\site-packages\keras\src\trainers\data_adapters\data_adapter_utils.py", line 114, in check_data_cardinality
    raise ValueError(msg)
ValueError: Data cardinality is ambiguous. Make sure all arrays contain the same number of samples.'x' sizes: 16899
'y' sizes: 4212


The above exception was the direct cause of the following exception:

[36mray::ClientAppActor.run()[39m (pid=20772, ip=127.0.0.1, actor_id=8aba8d493d10d9ce537aab3401000000, repr=<flwr.simulation.ray_transport.ray_actor.ClientAppActor object at 0x0000024B03BA0A00>)
  File "python\ray\_raylet.pyx", line 1856, in ray._raylet.execute_task
  File "python\ray\_raylet.pyx", line 1957, in ray._raylet.execute_task
  File "python\ray\_raylet.pyx", line 1862, in ray._raylet.execute_task
  File "python\ray\_raylet.pyx", line 1803, in ray._raylet.execute_task.function_executor
  File "C:\Users\clara\anaconda3\envs\tf_gpu\lib\site-packages\ray\_private\function_manager.py", line 696, in actor_method_executor
    return method(__ray_actor, *args, **kwargs)
  File "C:\Users\clara\anaconda3\envs\tf_gpu\lib\site-packages\ray\util\tracing\tracing_helper.py", line 467, in _resume_span
    return method(self, *_args, **_kwargs)
  File "C:\Users\clara\anaconda3\envs\tf_gpu\lib\site-packages\flwr\simulation\ray_transport\ray_actor.py", line 63, in run
    raise ClientAppException(str(ex)) from ex
flwr.client.client_app.ClientAppException: 
Exception ClientAppException occurred. Message: Data cardinality is ambiguous. Make sure all arrays contain the same number of samples.'x' sizes: 16899
'y' sizes: 4212

[2024-12-06 12:35:11,123][flwr][ERROR] - [36mray::ClientAppActor.run()[39m (pid=20772, ip=127.0.0.1, actor_id=8aba8d493d10d9ce537aab3401000000, repr=<flwr.simulation.ray_transport.ray_actor.ClientAppActor object at 0x0000024B03BA0A00>)
  File "C:\Users\clara\anaconda3\envs\tf_gpu\lib\site-packages\flwr\client\client_app.py", line 143, in __call__
    return self._call(message, context)
  File "C:\Users\clara\anaconda3\envs\tf_gpu\lib\site-packages\flwr\client\client_app.py", line 126, in ffn
    out_message = handle_legacy_message_from_msgtype(
  File "C:\Users\clara\anaconda3\envs\tf_gpu\lib\site-packages\flwr\client\message_handler\message_handler.py", line 136, in handle_legacy_message_from_msgtype
    evaluate_res = maybe_call_evaluate(
  File "C:\Users\clara\anaconda3\envs\tf_gpu\lib\site-packages\flwr\client\client.py", line 275, in maybe_call_evaluate
    return client.evaluate(evaluate_ins)
  File "C:\Users\clara\anaconda3\envs\tf_gpu\lib\site-packages\flwr\client\numpy_client.py", line 283, in _evaluate
    results = self.numpy_client.evaluate(parameters, ins.config)  # type: ignore
  File "C:\Users\clara\Desktop\TFG\Codigo TFG\3.FederatedTraining\client.py", line 42, in evaluate
    loss, accuracy = self.model.evaluate(self.x_test, self.y_test)
  File "C:\Users\clara\anaconda3\envs\tf_gpu\lib\site-packages\keras\src\utils\traceback_utils.py", line 122, in error_handler
    raise e.with_traceback(filtered_tb) from None
  File "C:\Users\clara\anaconda3\envs\tf_gpu\lib\site-packages\keras\src\trainers\data_adapters\data_adapter_utils.py", line 114, in check_data_cardinality
    raise ValueError(msg)
ValueError: Data cardinality is ambiguous. Make sure all arrays contain the same number of samples.'x' sizes: 16899
'y' sizes: 4212


The above exception was the direct cause of the following exception:

[36mray::ClientAppActor.run()[39m (pid=20772, ip=127.0.0.1, actor_id=8aba8d493d10d9ce537aab3401000000, repr=<flwr.simulation.ray_transport.ray_actor.ClientAppActor object at 0x0000024B03BA0A00>)
  File "python\ray\_raylet.pyx", line 1856, in ray._raylet.execute_task
  File "python\ray\_raylet.pyx", line 1957, in ray._raylet.execute_task
  File "python\ray\_raylet.pyx", line 1862, in ray._raylet.execute_task
  File "python\ray\_raylet.pyx", line 1803, in ray._raylet.execute_task.function_executor
  File "C:\Users\clara\anaconda3\envs\tf_gpu\lib\site-packages\ray\_private\function_manager.py", line 696, in actor_method_executor
    return method(__ray_actor, *args, **kwargs)
  File "C:\Users\clara\anaconda3\envs\tf_gpu\lib\site-packages\ray\util\tracing\tracing_helper.py", line 467, in _resume_span
    return method(self, *_args, **_kwargs)
  File "C:\Users\clara\anaconda3\envs\tf_gpu\lib\site-packages\flwr\simulation\ray_transport\ray_actor.py", line 63, in run
    raise ClientAppException(str(ex)) from ex
flwr.client.client_app.ClientAppException: 
Exception ClientAppException occurred. Message: Data cardinality is ambiguous. Make sure all arrays contain the same number of samples.'x' sizes: 16899
'y' sizes: 4212
