[2024-12-06 13:38:13,131][flwr][WARNING] - DEPRECATED FEATURE: flwr.simulation.start_simulation() is deprecated.
	Instead, use the `flwr run` CLI command to start a local simulation in your Flower app, as shown for example below:

		$ flwr new  # Create a new Flower app from a template

		$ flwr run  # Run the Flower app in Simulation Mode

	Using `start_simulation()` is deprecated.

            This is a deprecated feature. It will be removed
            entirely in future versions of Flower.
        
[2024-12-06 13:38:13,135][flwr][INFO] - Starting Flower simulation, config: num_rounds=10, no round_timeout
[2024-12-06 13:38:21,435][flwr][INFO] - Flower VCE: Ray initialized with resources: {'accelerator_type:G': 1.0, 'node:__internal_head__': 1.0, 'CPU': 8.0, 'object_store_memory': 1955004825.0, 'node:127.0.0.1': 1.0, 'memory': 3910009652.0, 'GPU': 1.0}
[2024-12-06 13:38:21,435][flwr][INFO] - Optimize your simulation with Flower VCE: https://flower.ai/docs/framework/how-to-run-simulations.html
[2024-12-06 13:38:21,436][flwr][INFO] - Flower VCE: Resources for each Virtual Client: {'num_cpus': 2, 'num_gpus': 0.5}
[2024-12-06 13:38:21,446][flwr][INFO] - Flower VCE: Creating VirtualClientEngineActorPool with 2 actors
[2024-12-06 13:38:21,447][flwr][INFO] - [INIT]
[2024-12-06 13:38:21,447][flwr][INFO] - Using initial global parameters provided by strategy
[2024-12-06 13:38:21,447][flwr][INFO] - Starting evaluation of initial global parameters
[2024-12-06 13:38:21,540][flwr][ERROR] - 'list' object has no attribute 'tensors'
[2024-12-06 13:38:21,544][flwr][ERROR] - Traceback (most recent call last):
  File "C:\Users\clara\anaconda3\envs\tf_gpu\lib\site-packages\flwr\simulation\legacy_app.py", line 359, in start_simulation
    hist = run_fl(
  File "C:\Users\clara\anaconda3\envs\tf_gpu\lib\site-packages\flwr\server\server.py", line 492, in run_fl
    hist, elapsed_time = server.fit(
  File "C:\Users\clara\anaconda3\envs\tf_gpu\lib\site-packages\flwr\server\server.py", line 95, in fit
    res = self.strategy.evaluate(0, parameters=self.parameters)
  File "C:\Users\clara\anaconda3\envs\tf_gpu\lib\site-packages\flwr\server\strategy\fedavg.py", line 167, in evaluate
    eval_res = self.evaluate_fn(server_round, parameters_ndarrays, {})
  File "c:\Users\clara\Desktop\TFG\Codigo TFG\3.FederatedTraining\server.py", line 40, in evaluate_fn
    weights = parameters_to_ndarrays(parameters)
  File "C:\Users\clara\anaconda3\envs\tf_gpu\lib\site-packages\flwr\common\parameter.py", line 34, in parameters_to_ndarrays
    return [bytes_to_ndarray(tensor) for tensor in parameters.tensors]
AttributeError: 'list' object has no attribute 'tensors'

[2024-12-06 13:38:21,547][flwr][ERROR] - Your simulation crashed :(. This could be because of several reasons. The most common are: 
	 > Sometimes, issues in the simulation code itself can cause crashes. It's always a good idea to double-check your code for any potential bugs or inconsistencies that might be contributing to the problem. For example: 
		 - You might be using a class attribute in your clients that hasn't been defined.
		 - There could be an incorrect method call to a 3rd party library (e.g., PyTorch).
		 - The return types of methods in your clients/strategies might be incorrect.
	 > Your system couldn't fit a single VirtualClient: try lowering `client_resources`.
	 > All the actors in your pool crashed. This could be because: 
		 - You clients hit an out-of-memory (OOM) error and actors couldn't recover from it. Try launching your simulation with more generous `client_resources` setting (i.e. it seems {'num_cpus': 2, 'num_gpus': 0.5} is not enough for your run). Use fewer concurrent actors. 
		 - You were running a multi-node simulation and all worker nodes disconnected. The head node might still be alive but cannot accommodate any actor with resources: {'num_cpus': 2, 'num_gpus': 0.5}.
Take a look at the Flower simulation examples for guidance <https://flower.ai/docs/framework/how-to-run-simulations.html>.
